package spectest

import (
	"bytes"
	"testing"

	"github.com/OffchainLabs/methodical-ssz/specs"

	v1alpha1 "github.com/prysmaticlabs/prysm/v7/proto/prysm/v1alpha1"
)

func Test_mainnet_altair_Checkpoint_0(t *testing.T) {
	fixtureDir := "testdata/tests/mainnet/altair/ssz_static/AggregateAndProof/ssz_random/case_0"
	root, serialized, err := specs.RootAndSerializedFromFixture(fixtureDir)
	if err != nil {
		t.Fatalf("error reading fixtures in dir %s", fixtureDir)
	}
	v := &v1alpha1.Checkpoint{}
	err = v.UnmarshalSSZ(serialized)
	if err != nil {
		t.Fatalf("error in UnmarshalSSZ reading fixture data from %s, err=%s", fixtureDir, err.Error())
	}
	sroot, err := v.HashTreeRoot()
	if err != nil {
		t.Fatalf("error from HashTreeRoot=%s, from fixture data in %s", err.Error(), fixtureDir)
	}
	if root != sroot {
		t.Fatalf("HashTreeRoot of fixture wrong, want=%#x, got=%#x, from fixture data in %s", root, sroot, fixtureDir)
	}
	encoded, err := v.MarshalSSZ()
	if err != nil {
		t.Fatalf("error in MarshalSSZ for fixture data from %s, err=%s", fixtureDir, err.Error())
	}
	if !bytes.Equal(encoded, serialized) {
		t.Fatalf("MarshalSSZ round trip mismatch for fixture data in %s", fixtureDir)
	}
}
